Vivado Simulator v2024.2.0
Copyright 1986-2022 Xilinx, Inc. All Rights Reserved.
Copyright 2022-2024 Advanced Micro Devices, Inc. All Rights Reserved.
Running: /Data/cad/Xilinx/Vivado/2024.2/bin/unwrapped/lnx64.o/xelab --incr --debug typical --relax --mt 8 -L xil_defaultlib -L axis_infrastructure_v1_1_1 -L axis_data_fifo_v2_0_15 -L xbip_utils_v3_0_14 -L c_reg_fd_v12_0_10 -L xbip_dsp48_wrapper_v3_0_6 -L xbip_pipe_v3_0_10 -L c_addsub_v12_0_19 -L mult_gen_v12_0_22 -L axi_utils_v2_0_10 -L cordic_v6_0_23 -L uvm -L unisims_ver -L unimacro_ver -L secureip -L xpm --snapshot tb_top_behav xil_defaultlib.tb_top xil_defaultlib.glbl -log elaborate.log 
Using 8 slave threads.
Starting static elaboration
Pass Through NonSizing Optimizer
WARNING: [VRFC 10-9380] size mismatch in mixed-language port association of VHDL port 's_axis_cartesian_tdata' [/home/23EC01052/Desktop/my_branch/LRF/src/conv_sobel.v:176]
WARNING: [VRFC 10-9380] size mismatch in mixed-language port association of VHDL port 's_axis_cartesian_tdata' [/home/23EC01052/Desktop/my_branch/LRF/src/conv_sobel.v:176]
WARNING: [VRFC 10-9380] size mismatch in mixed-language port association of VHDL port 's_axis_cartesian_tdata' [/home/23EC01052/Desktop/my_branch/LRF/src/conv_sobel.v:176]
WARNING: [VRFC 10-9380] size mismatch in mixed-language port association of VHDL port 's_axis_cartesian_tdata' [/home/23EC01052/Desktop/my_branch/LRF/src/conv_sobel.v:176]
WARNING: [VRFC 10-9380] size mismatch in mixed-language port association of VHDL port 's_axis_cartesian_tdata' [/home/23EC01052/Desktop/my_branch/LRF/src/conv_sobel.v:176]
WARNING: [VRFC 10-9380] size mismatch in mixed-language port association of VHDL port 's_axis_cartesian_tdata' [/home/23EC01052/Desktop/my_branch/LRF/src/conv_sobel.v:176]
WARNING: [VRFC 10-9380] size mismatch in mixed-language port association of VHDL port 's_axis_cartesian_tdata' [/home/23EC01052/Desktop/my_branch/LRF/src/conv_sobel.v:176]
WARNING: [VRFC 10-9380] size mismatch in mixed-language port association of VHDL port 's_axis_cartesian_tdata' [/home/23EC01052/Desktop/my_branch/LRF/src/conv_sobel.v:176]
WARNING: [VRFC 10-9380] size mismatch in mixed-language port association of VHDL port 's_axis_cartesian_tdata' [/home/23EC01052/Desktop/my_branch/LRF/src/conv_sobel.v:176]
WARNING: [VRFC 10-9380] size mismatch in mixed-language port association of VHDL port 's_axis_cartesian_tdata' [/home/23EC01052/Desktop/my_branch/LRF/src/conv_sobel.v:176]
WARNING: [VRFC 10-9380] size mismatch in mixed-language port association of VHDL port 's_axis_cartesian_tdata' [/home/23EC01052/Desktop/my_branch/LRF/src/conv_sobel.v:176]
WARNING: [VRFC 10-9380] size mismatch in mixed-language port association of VHDL port 's_axis_cartesian_tdata' [/home/23EC01052/Desktop/my_branch/LRF/src/conv_sobel.v:176]
WARNING: [VRFC 10-9380] size mismatch in mixed-language port association of VHDL port 's_axis_cartesian_tdata' [/home/23EC01052/Desktop/my_branch/LRF/src/conv_sobel.v:176]
WARNING: [VRFC 10-9380] size mismatch in mixed-language port association of VHDL port 's_axis_cartesian_tdata' [/home/23EC01052/Desktop/my_branch/LRF/src/conv_sobel.v:176]
WARNING: [VRFC 10-9380] size mismatch in mixed-language port association of VHDL port 's_axis_cartesian_tdata' [/home/23EC01052/Desktop/my_branch/LRF/src/conv_sobel.v:176]
WARNING: [VRFC 10-9380] size mismatch in mixed-language port association of VHDL port 's_axis_cartesian_tdata' [/home/23EC01052/Desktop/my_branch/LRF/src/conv_sobel.v:176]
WARNING: [VRFC 10-9380] size mismatch in mixed-language port association of VHDL port 's_axis_cartesian_tdata' [/home/23EC01052/Desktop/my_branch/LRF/src/conv_sobel.v:176]
WARNING: [VRFC 10-9380] size mismatch in mixed-language port association of VHDL port 's_axis_cartesian_tdata' [/home/23EC01052/Desktop/my_branch/LRF/src/conv_sobel.v:176]
WARNING: [VRFC 10-9380] size mismatch in mixed-language port association of VHDL port 's_axis_cartesian_tdata' [/home/23EC01052/Desktop/my_branch/LRF/src/conv_sobel.v:176]
WARNING: [VRFC 10-9380] size mismatch in mixed-language port association of VHDL port 's_axis_cartesian_tdata' [/home/23EC01052/Desktop/my_branch/LRF/src/conv_sobel.v:176]
WARNING: [VRFC 10-9380] size mismatch in mixed-language port association of VHDL port 's_axis_cartesian_tdata' [/home/23EC01052/Desktop/my_branch/LRF/src/conv_sobel.v:176]
WARNING: [VRFC 10-9380] size mismatch in mixed-language port association of VHDL port 's_axis_cartesian_tdata' [/home/23EC01052/Desktop/my_branch/LRF/src/conv_sobel.v:176]
WARNING: [VRFC 10-9380] size mismatch in mixed-language port association of VHDL port 's_axis_cartesian_tdata' [/home/23EC01052/Desktop/my_branch/LRF/src/conv_sobel.v:176]
WARNING: [VRFC 10-9380] size mismatch in mixed-language port association of VHDL port 's_axis_cartesian_tdata' [/home/23EC01052/Desktop/my_branch/LRF/src/conv_sobel.v:176]
WARNING: [VRFC 10-9380] size mismatch in mixed-language port association of VHDL port 's_axis_cartesian_tdata' [/home/23EC01052/Desktop/my_branch/LRF/src/conv_sobel.v:176]
WARNING: [VRFC 10-9380] size mismatch in mixed-language port association of VHDL port 's_axis_cartesian_tdata' [/home/23EC01052/Desktop/my_branch/LRF/src/conv_sobel.v:176]
WARNING: [VRFC 10-9380] size mismatch in mixed-language port association of VHDL port 's_axis_cartesian_tdata' [/home/23EC01052/Desktop/my_branch/LRF/src/conv_sobel.v:176]
WARNING: [VRFC 10-9380] size mismatch in mixed-language port association of VHDL port 's_axis_cartesian_tdata' [/home/23EC01052/Desktop/my_branch/LRF/src/conv_sobel.v:176]
WARNING: [VRFC 10-9380] size mismatch in mixed-language port association of VHDL port 's_axis_cartesian_tdata' [/home/23EC01052/Desktop/my_branch/LRF/src/conv_sobel.v:176]
WARNING: [VRFC 10-9380] size mismatch in mixed-language port association of VHDL port 's_axis_cartesian_tdata' [/home/23EC01052/Desktop/my_branch/LRF/src/conv_sobel.v:176]
WARNING: [VRFC 10-9380] size mismatch in mixed-language port association of VHDL port 's_axis_cartesian_tdata' [/home/23EC01052/Desktop/my_branch/LRF/src/conv_sobel.v:176]
WARNING: [VRFC 10-9380] size mismatch in mixed-language port association of VHDL port 's_axis_cartesian_tdata' [/home/23EC01052/Desktop/my_branch/LRF/src/conv_sobel.v:176]
WARNING: [VRFC 10-9380] size mismatch in mixed-language port association of VHDL port 's_axis_cartesian_tdata' [/home/23EC01052/Desktop/my_branch/LRF/src/conv_sobel.v:176]
WARNING: [VRFC 10-9380] size mismatch in mixed-language port association of VHDL port 's_axis_cartesian_tdata' [/home/23EC01052/Desktop/my_branch/LRF/src/conv_sobel.v:176]
WARNING: [VRFC 10-9380] size mismatch in mixed-language port association of VHDL port 's_axis_cartesian_tdata' [/home/23EC01052/Desktop/my_branch/LRF/src/conv_sobel.v:176]
WARNING: [VRFC 10-9380] size mismatch in mixed-language port association of VHDL port 's_axis_cartesian_tdata' [/home/23EC01052/Desktop/my_branch/LRF/src/conv_sobel.v:176]
WARNING: [VRFC 10-9380] size mismatch in mixed-language port association of VHDL port 's_axis_cartesian_tdata' [/home/23EC01052/Desktop/my_branch/LRF/src/conv_sobel.v:176]
WARNING: [VRFC 10-9380] size mismatch in mixed-language port association of VHDL port 's_axis_cartesian_tdata' [/home/23EC01052/Desktop/my_branch/LRF/src/conv_sobel.v:176]
WARNING: [VRFC 10-9380] size mismatch in mixed-language port association of VHDL port 's_axis_cartesian_tdata' [/home/23EC01052/Desktop/my_branch/LRF/src/conv_sobel.v:176]
WARNING: [VRFC 10-9380] size mismatch in mixed-language port association of VHDL port 's_axis_cartesian_tdata' [/home/23EC01052/Desktop/my_branch/LRF/src/conv_sobel.v:176]
WARNING: [VRFC 10-9380] size mismatch in mixed-language port association of VHDL port 's_axis_cartesian_tdata' [/home/23EC01052/Desktop/my_branch/LRF/src/conv_sobel.v:176]
WARNING: [VRFC 10-9380] size mismatch in mixed-language port association of VHDL port 's_axis_cartesian_tdata' [/home/23EC01052/Desktop/my_branch/LRF/src/conv_sobel.v:176]
WARNING: [VRFC 10-9380] size mismatch in mixed-language port association of VHDL port 's_axis_cartesian_tdata' [/home/23EC01052/Desktop/my_branch/LRF/src/conv_sobel.v:176]
WARNING: [VRFC 10-9380] size mismatch in mixed-language port association of VHDL port 's_axis_cartesian_tdata' [/home/23EC01052/Desktop/my_branch/LRF/src/conv_sobel.v:176]
WARNING: [VRFC 10-9380] size mismatch in mixed-language port association of VHDL port 's_axis_cartesian_tdata' [/home/23EC01052/Desktop/my_branch/LRF/src/conv_sobel.v:176]
WARNING: [VRFC 10-9380] size mismatch in mixed-language port association of VHDL port 's_axis_cartesian_tdata' [/home/23EC01052/Desktop/my_branch/LRF/src/conv_sobel.v:176]
WARNING: [VRFC 10-9380] size mismatch in mixed-language port association of VHDL port 's_axis_cartesian_tdata' [/home/23EC01052/Desktop/my_branch/LRF/src/conv_sobel.v:176]
WARNING: [VRFC 10-9380] size mismatch in mixed-language port association of VHDL port 's_axis_cartesian_tdata' [/home/23EC01052/Desktop/my_branch/LRF/src/conv_sobel.v:176]
WARNING: [VRFC 10-3091] actual bit length 32 differs from formal bit length 16 for port 's_axis_tdata_z' [/home/23EC01052/Desktop/my_branch/LRF/src/hssim.v:323]
WARNING: [VRFC 10-3091] actual bit length 17 differs from formal bit length 18 for port 'm_axis_tdata' [/home/23EC01052/Desktop/my_branch/LRF/src/hssim.v:327]
WARNING: [VRFC 10-3091] actual bit length 32 differs from formal bit length 16 for port 's_axis_tdata_y' [/home/23EC01052/Desktop/my_branch/LRF/src/hssim.v:340]
WARNING: [VRFC 10-3091] actual bit length 32 differs from formal bit length 16 for port 's_axis_tdata_z' [/home/23EC01052/Desktop/my_branch/LRF/src/hssim.v:344]
WARNING: [VRFC 10-3091] actual bit length 16 differs from formal bit length 18 for port 'm_axis_tdata' [/home/23EC01052/Desktop/my_branch/LRF/src/hssim.v:348]
WARNING: [VRFC 10-3091] actual bit length 32 differs from formal bit length 17 for port 's_axis_tdata_z' [/home/23EC01052/Desktop/my_branch/LRF/src/hssim.v:372]
WARNING: [VRFC 10-3091] actual bit length 18 differs from formal bit length 19 for port 'm_axis_tdata' [/home/23EC01052/Desktop/my_branch/LRF/src/hssim.v:376]
WARNING: [VRFC 10-3091] actual bit length 32 differs from formal bit length 17 for port 's_axis_tdata_z' [/home/23EC01052/Desktop/my_branch/LRF/src/hssim.v:393]
WARNING: [VRFC 10-3091] actual bit length 18 differs from formal bit length 19 for port 'm_axis_tdata' [/home/23EC01052/Desktop/my_branch/LRF/src/hssim.v:397]
WARNING: [VRFC 10-3091] actual bit length 17 differs from formal bit length 16 for port 's_axis_tdata_z' [/home/23EC01052/Desktop/my_branch/LRF/src/hssim.v:455]
WARNING: [VRFC 10-3091] actual bit length 32 differs from formal bit length 16 for port 's_axis_tdata_z' [/home/23EC01052/Desktop/my_branch/LRF/src/fusion.v:118]
WARNING: [VRFC 10-3091] actual bit length 32 differs from formal bit length 1 for port 's_axis_tvalid_z' [/home/23EC01052/Desktop/my_branch/LRF/src/fusion.v:119]
WARNING: [VRFC 10-3091] actual bit length 32 differs from formal bit length 1 for port 's_axis_tlast_z' [/home/23EC01052/Desktop/my_branch/LRF/src/fusion.v:121]
WARNING: [VRFC 10-3091] actual bit length 32 differs from formal bit length 128 for port 'new_frame' [/home/23EC01052/Desktop/my_branch/LRF/src/fusion_top.v:193]
WARNING: [VRFC 10-3091] actual bit length 32 differs from formal bit length 1 for port 'new_frame_tvalid' [/home/23EC01052/Desktop/my_branch/LRF/src/fusion_top.v:194]
WARNING: [VRFC 10-3091] actual bit length 32 differs from formal bit length 1 for port 'new_frame_tlast' [/home/23EC01052/Desktop/my_branch/LRF/src/fusion_top.v:196]
WARNING: [VRFC 10-3091] actual bit length 32 differs from formal bit length 128 for port 'del_gauss' [/home/23EC01052/Desktop/my_branch/LRF/src/fusion_top.v:197]
WARNING: [VRFC 10-3091] actual bit length 32 differs from formal bit length 1 for port 'del_gauss_tvalid' [/home/23EC01052/Desktop/my_branch/LRF/src/fusion_top.v:198]
WARNING: [VRFC 10-3091] actual bit length 32 differs from formal bit length 1 for port 'del_gauss_tlast' [/home/23EC01052/Desktop/my_branch/LRF/src/fusion_top.v:200]
WARNING: [VRFC 10-3091] actual bit length 32 differs from formal bit length 128 for port 'new_frame' [/home/23EC01052/Desktop/my_branch/LRF/src/fusion_top.v:214]
WARNING: [VRFC 10-3091] actual bit length 32 differs from formal bit length 1 for port 'new_frame_tvalid' [/home/23EC01052/Desktop/my_branch/LRF/src/fusion_top.v:215]
WARNING: [VRFC 10-3091] actual bit length 32 differs from formal bit length 1 for port 'new_frame_tlast' [/home/23EC01052/Desktop/my_branch/LRF/src/fusion_top.v:217]
WARNING: [VRFC 10-3091] actual bit length 32 differs from formal bit length 128 for port 'del_gauss' [/home/23EC01052/Desktop/my_branch/LRF/src/fusion_top.v:218]
WARNING: [VRFC 10-3091] actual bit length 32 differs from formal bit length 1 for port 'del_gauss_tvalid' [/home/23EC01052/Desktop/my_branch/LRF/src/fusion_top.v:219]
WARNING: [VRFC 10-3091] actual bit length 32 differs from formal bit length 1 for port 'del_gauss_tlast' [/home/23EC01052/Desktop/my_branch/LRF/src/fusion_top.v:221]
WARNING: [VRFC 10-3091] actual bit length 13 differs from formal bit length 15 for port 'm_axis_tdata' [/home/23EC01052/Desktop/my_branch/LRF/src/top.v:276]
Completed static elaboration
Starting simulation data flow analysis
WARNING: [XSIM 43-4099] "/home/23EC01052/Desktop/my_branch/LRF/utils/sv/sim_axis.sv" Line 2. Module axis_if_default doesn't have a timescale but at least one module in design has a timescale.
WARNING: [XSIM 43-4099] "/home/23EC01052/Desktop/my_branch/LRF/utils/sv/sim_axis.sv" Line 2. Module axis_if_default doesn't have a timescale but at least one module in design has a timescale.
WARNING: [XSIM 43-4099] "/home/23EC01052/Desktop/my_branch/LRF/utils/sv/sim_axis.sv" Line 2. Module axis_if_default doesn't have a timescale but at least one module in design has a timescale.
WARNING: [XSIM 43-4099] "/home/23EC01052/Desktop/my_branch/LRF/utils/sv/sim_axis.sv" Line 2. Module axis_if_default doesn't have a timescale but at least one module in design has a timescale.
Completed simulation data flow analysis
Time Resolution for simulation is 1ps
Compiling package std.standard
Compiling package std.textio
Compiling package ieee.std_logic_1164
Compiling package ieee.numeric_std
Compiling package cordic_v6_0_23.cordic_v6_0_23_viv_comp
Compiling package xbip_utils_v3_0_14.xbip_utils_v3_0_14_pkg
Compiling package xbip_pipe_v3_0_10.xbip_pipe_v3_0_10_viv_comp
Compiling package axi_utils_v2_0_10.axi_utils_v2_0_10_pkg
Compiling package ieee.math_real
Compiling package axi_utils_v2_0_10.global_util_pkg
Compiling package axi_utils_v2_0_10.axi_utils_comps
Compiling package mult_gen_v12_0_22.mult_gen_v12_0_22_pkg
Compiling package ieee.std_logic_arith
Compiling package ieee.std_logic_signed
Compiling package cordic_v6_0_23.cordic_pack
Compiling package cordic_v6_0_23.cordic_hdl_comps
Compiling package c_addsub_v12_0_19.c_addsub_v12_0_19_viv_comp
Compiling package c_addsub_v12_0_19.c_addsub_v12_0_19_pkg
Compiling package c_addsub_v12_0_19.c_addsub_v12_0_19_pkg_legacy
Compiling package c_reg_fd_v12_0_10.c_reg_fd_v12_0_10_viv_comp
Compiling package unisim.vcomponents
Compiling package xil_defaultlib.$unit_sim_axis_sv_2665549051
Compiling package std.std
Compiling module xil_defaultlib.axis_if_default
Compiling module xil_defaultlib.LSU_valid_default
Compiling module xil_defaultlib.LSU(BIT_WIDTH=13)
Compiling architecture synth of entity xbip_pipe_v3_0_10.xbip_pipe_v3_0_10_viv [\xbip_pipe_v3_0_10_viv(c_latency...]
Compiling architecture synth of entity xbip_pipe_v3_0_10.xbip_pipe_v3_0_10_viv [\xbip_pipe_v3_0_10_viv(c_latency...]
Compiling architecture struct_all of entity cordic_v6_0_23.delay [\delay(delay_len=1,family="zynq"...]
Compiling architecture muxcy_v of entity unisim.MUXCY [muxcy_default]
Compiling architecture xorcy_v of entity unisim.XORCY [xorcy_default]
Compiling architecture rtl of entity c_addsub_v12_0_19.c_addsub_v12_0_19_lut6_legacy [\c_addsub_v12_0_19_lut6_legacy(c...]
Compiling architecture synth of entity c_addsub_v12_0_19.c_addsub_v12_0_19_fabric_legacy [\c_addsub_v12_0_19_fabric_legacy...]
Compiling architecture synth of entity c_addsub_v12_0_19.c_addsub_v12_0_19_legacy [\c_addsub_v12_0_19_legacy(c_fami...]
Compiling architecture synth of entity c_addsub_v12_0_19.c_addsub_v12_0_19_viv [\c_addsub_v12_0_19_viv(c_xdevice...]
Compiling architecture synth of entity cordic_v6_0_23.addsub [\addsub(family="zynq",add_mode=0...]
Compiling architecture struct_all of entity cordic_v6_0_23.delay [\delay(delay_len=1,family="zynq"...]
Compiling architecture struct_all of entity cordic_v6_0_23.delay [\delay(delay_len=3,family="zynq"...]
Compiling architecture synth of entity cordic_v6_0_23.cordic_sqrt_mod [\cordic_sqrt_mod(p_xdevicefamily...]
Compiling architecture struct_all of entity cordic_v6_0_23.delay [\delay(delay_len=1,family="zynq"...]
Compiling architecture rtl of entity c_addsub_v12_0_19.c_addsub_v12_0_19_lut6_legacy [\c_addsub_v12_0_19_lut6_legacy(c...]
Compiling architecture synth of entity c_addsub_v12_0_19.c_addsub_v12_0_19_fabric_legacy [\c_addsub_v12_0_19_fabric_legacy...]
Compiling architecture synth of entity c_addsub_v12_0_19.c_addsub_v12_0_19_legacy [\c_addsub_v12_0_19_legacy(c_fami...]
Compiling architecture synth of entity c_addsub_v12_0_19.c_addsub_v12_0_19_viv [\c_addsub_v12_0_19_viv(c_xdevice...]
Compiling architecture synth of entity cordic_v6_0_23.addsub [\addsub(family="zynq",add_mode=0...]
Compiling architecture struct_all of entity cordic_v6_0_23.delay [\delay(delay_len=4,family="zynq"...]
Compiling architecture synth of entity cordic_v6_0_23.cordic_sqrt_mod [\cordic_sqrt_mod(p_xdevicefamily...]
Compiling architecture rtl of entity c_addsub_v12_0_19.c_addsub_v12_0_19_lut6_legacy [\c_addsub_v12_0_19_lut6_legacy(c...]
Compiling architecture synth of entity c_addsub_v12_0_19.c_addsub_v12_0_19_fabric_legacy [\c_addsub_v12_0_19_fabric_legacy...]
Compiling architecture synth of entity c_addsub_v12_0_19.c_addsub_v12_0_19_legacy [\c_addsub_v12_0_19_legacy(c_fami...]
Compiling architecture synth of entity c_addsub_v12_0_19.c_addsub_v12_0_19_viv [\c_addsub_v12_0_19_viv(c_xdevice...]
Compiling architecture synth of entity cordic_v6_0_23.addsub [\addsub(family="zynq",add_mode=0...]
Compiling architecture struct_all of entity cordic_v6_0_23.delay [\delay(delay_len=1,family="zynq"...]
Compiling architecture struct_all of entity cordic_v6_0_23.delay [\delay(delay_len=2,family="zynq"...]
Compiling architecture synth of entity cordic_v6_0_23.cordic_sqrt_mod [\cordic_sqrt_mod(p_xdevicefamily...]
Compiling architecture struct_all of entity cordic_v6_0_23.delay [\delay(delay_len=1,family="zynq"...]
Compiling architecture rtl of entity c_addsub_v12_0_19.c_addsub_v12_0_19_lut6_legacy [\c_addsub_v12_0_19_lut6_legacy(c...]
Compiling architecture synth of entity c_addsub_v12_0_19.c_addsub_v12_0_19_fabric_legacy [\c_addsub_v12_0_19_fabric_legacy...]
Compiling architecture synth of entity c_addsub_v12_0_19.c_addsub_v12_0_19_legacy [\c_addsub_v12_0_19_legacy(c_fami...]
Compiling architecture synth of entity c_addsub_v12_0_19.c_addsub_v12_0_19_viv [\c_addsub_v12_0_19_viv(c_xdevice...]
Compiling architecture synth of entity cordic_v6_0_23.addsub [\addsub(family="zynq",add_mode=0...]
Compiling architecture struct_all of entity cordic_v6_0_23.delay [\delay(delay_len=5,family="zynq"...]
Compiling architecture synth of entity cordic_v6_0_23.cordic_sqrt_mod [\cordic_sqrt_mod(p_xdevicefamily...]
Compiling architecture rtl of entity c_addsub_v12_0_19.c_addsub_v12_0_19_lut6_legacy [\c_addsub_v12_0_19_lut6_legacy(c...]
Compiling architecture synth of entity c_addsub_v12_0_19.c_addsub_v12_0_19_fabric_legacy [\c_addsub_v12_0_19_fabric_legacy...]
Compiling architecture synth of entity c_addsub_v12_0_19.c_addsub_v12_0_19_legacy [\c_addsub_v12_0_19_legacy(c_fami...]
Compiling architecture synth of entity c_addsub_v12_0_19.c_addsub_v12_0_19_viv [\c_addsub_v12_0_19_viv(c_xdevice...]
Compiling architecture synth of entity cordic_v6_0_23.addsub [\addsub(family="zynq",add_mode=0...]
Compiling architecture struct_all of entity cordic_v6_0_23.delay [\delay(delay_len=1,family="zynq"...]
Compiling architecture struct_all of entity cordic_v6_0_23.delay [\delay(delay_len=1,family="zynq"...]
Compiling architecture synth of entity cordic_v6_0_23.cordic_sqrt_mod [\cordic_sqrt_mod(p_xdevicefamily...]
Compiling architecture struct_all of entity cordic_v6_0_23.delay [\delay(delay_len=1,family="zynq"...]
Compiling architecture rtl of entity c_addsub_v12_0_19.c_addsub_v12_0_19_lut6_legacy [\c_addsub_v12_0_19_lut6_legacy(c...]
Compiling architecture synth of entity c_addsub_v12_0_19.c_addsub_v12_0_19_fabric_legacy [\c_addsub_v12_0_19_fabric_legacy...]
Compiling architecture synth of entity c_addsub_v12_0_19.c_addsub_v12_0_19_legacy [\c_addsub_v12_0_19_legacy(c_fami...]
Compiling architecture synth of entity c_addsub_v12_0_19.c_addsub_v12_0_19_viv [\c_addsub_v12_0_19_viv(c_xdevice...]
Compiling architecture synth of entity cordic_v6_0_23.addsub [\addsub(family="zynq",add_mode=0...]
Compiling architecture struct_all of entity cordic_v6_0_23.delay [\delay(delay_len=6,family="zynq"...]
Compiling architecture synth of entity cordic_v6_0_23.cordic_sqrt_mod [\cordic_sqrt_mod(p_xdevicefamily...]
Compiling architecture rtl of entity c_addsub_v12_0_19.c_addsub_v12_0_19_lut6_legacy [\c_addsub_v12_0_19_lut6_legacy(c...]
Compiling architecture synth of entity c_addsub_v12_0_19.c_addsub_v12_0_19_fabric_legacy [\c_addsub_v12_0_19_fabric_legacy...]
Compiling architecture synth of entity c_addsub_v12_0_19.c_addsub_v12_0_19_legacy [\c_addsub_v12_0_19_legacy(c_fami...]
Compiling architecture synth of entity c_addsub_v12_0_19.c_addsub_v12_0_19_viv [\c_addsub_v12_0_19_viv(c_xdevice...]
Compiling architecture synth of entity cordic_v6_0_23.addsub [\addsub(family="zynq",add_mode=0...]
Compiling architecture struct_all of entity cordic_v6_0_23.delay [\delay(delay_len=1,family="zynq"...]
Compiling architecture struct_all of entity cordic_v6_0_23.delay [\delay(delay_len=0,family="zynq"...]
Compiling architecture synth of entity cordic_v6_0_23.cordic_sqrt_mod [\cordic_sqrt_mod(p_xdevicefamily...]
Compiling architecture struct_all of entity cordic_v6_0_23.delay [\delay(delay_len=1,family="zynq"...]
Compiling architecture rtl of entity c_addsub_v12_0_19.c_addsub_v12_0_19_lut6_legacy [\c_addsub_v12_0_19_lut6_legacy(c...]
Compiling architecture synth of entity c_addsub_v12_0_19.c_addsub_v12_0_19_fabric_legacy [\c_addsub_v12_0_19_fabric_legacy...]
Compiling architecture synth of entity c_addsub_v12_0_19.c_addsub_v12_0_19_legacy [\c_addsub_v12_0_19_legacy(c_fami...]
Compiling architecture synth of entity c_addsub_v12_0_19.c_addsub_v12_0_19_viv [\c_addsub_v12_0_19_viv(c_xdevice...]
Compiling architecture synth of entity cordic_v6_0_23.addsub [\addsub(family="zynq",add_mode=0...]
Compiling architecture struct_all of entity cordic_v6_0_23.delay [\delay(delay_len=7,family="zynq"...]
Compiling architecture synth of entity cordic_v6_0_23.cordic_sqrt_mod [\cordic_sqrt_mod(p_xdevicefamily...]
Compiling architecture rtl of entity c_addsub_v12_0_19.c_addsub_v12_0_19_lut6_legacy [\c_addsub_v12_0_19_lut6_legacy(c...]
Compiling architecture synth of entity c_addsub_v12_0_19.c_addsub_v12_0_19_fabric_legacy [\c_addsub_v12_0_19_fabric_legacy...]
Compiling architecture synth of entity c_addsub_v12_0_19.c_addsub_v12_0_19_legacy [\c_addsub_v12_0_19_legacy(c_fami...]
Compiling architecture synth of entity c_addsub_v12_0_19.c_addsub_v12_0_19_viv [\c_addsub_v12_0_19_viv(c_xdevice...]
Compiling architecture synth of entity cordic_v6_0_23.addsub [\addsub(family="zynq",add_mode=0...]
Compiling architecture struct_all of entity cordic_v6_0_23.delay [\delay(delay_len=8,family="zynq"...]
Compiling architecture synth of entity cordic_v6_0_23.cordic_sqrt_mod [\cordic_sqrt_mod(p_xdevicefamily...]
Compiling architecture struct_all of entity cordic_v6_0_23.delay [\delay(delay_len=1,family="zynq"...]
Compiling architecture struct_all of entity cordic_v6_0_23.delay_bit [\delay_bit(delay_len=1,family="z...]
Compiling architecture struct_all of entity cordic_v6_0_23.delay_bit [\delay_bit(delay_len=9,family="z...]
Compiling architecture synth of entity cordic_v6_0_23.cordic_sqrt [\cordic_sqrt(p_xdevicefamily="zy...]
Compiling architecture synth of entity cordic_v6_0_23.cordic_v6_0_23_synth [\cordic_v6_0_23_synth(c_architec...]
Compiling architecture synth of entity cordic_v6_0_23.cordic_v6_0_23_viv [\cordic_v6_0_23_viv(c_architectu...]
Compiling architecture xilinx of entity cordic_v6_0_23.cordic_v6_0_23 [\cordic_v6_0_23(c_architecture=2...]
Compiling architecture cordic_0_arch of entity xil_defaultlib.cordic_0 [cordic_0_default]
Compiling module xil_defaultlib.CONV_SOBEL(DATA_WIDTH=128)
Compiling module xil_defaultlib.axis_buff(S_AXIS_DATA_WIDTH=128,...
Compiling module xil_defaultlib.CONV_GAUSS_default
Compiling module xil_defaultlib.MULTIPLIER
Compiling module xil_defaultlib.CONV_GAUSS(PIXEL_SIZE=16)
Compiling module xil_defaultlib.AXIS_SUB(DATA_WIDTH=16)
Compiling module xil_defaultlib.SIG_XY_default
Compiling module xil_defaultlib.axis_adder
Compiling module xil_defaultlib.axis_adder(DATA_WIDTH=17)
Compiling module xil_defaultlib.axis_adder(DATA_WIDTH=18)
Compiling module xil_defaultlib.MULTIPLIER(DATA_WIDTH=18)
Compiling module xil_defaultlib.HSSIM_default
Compiling module xil_defaultlib.MULTIPLIER(DATA_WIDTH=36)
Compiling module xil_defaultlib.axis_comparator_default
Compiling module xil_defaultlib.HSSIM_TOP_default
Compiling module xil_defaultlib.SOBEL_HSSIM_TOP_default
Compiling module axis_infrastructure_v1_1_1.axis_infrastructure_v1_1_1_util_...
Compiling module axis_infrastructure_v1_1_1.axis_infrastructure_v1_1_1_util_...
Compiling module axis_infrastructure_v1_1_1.axis_infrastructure_v1_1_1_util_...
Compiling module xpm.xpm_cdc_sync_rst(INIT=0,INIT_SYN...
Compiling module xpm.xpm_fifo_rst(CDC_DEST_SYNC_FF=3)
Compiling module xpm.xpm_fifo_reg_bit
Compiling module xpm.xpm_counter_updn(COUNTER_WIDTH=7...
Compiling module xpm.xpm_counter_updn(COUNTER_WIDTH=6...
Compiling module xpm.xpm_memory_base(MEMORY_TYPE=1,ME...
Compiling module xpm.xpm_counter_updn(COUNTER_WIDTH=2...
Compiling module xpm.xpm_fifo_base(FIFO_WRITE_DEPTH=6...
Compiling module xpm.xpm_fifo_axis(FIFO_DEPTH=64,TDAT...
Compiling module axis_data_fifo_v2_0_15.axis_data_fifo_v2_0_15_top(C_FAM...
Compiling module xil_defaultlib.axis_data_fifo_0
Compiling module xil_defaultlib.FUSION_default
Compiling module xil_defaultlib.fusionTop_default
Compiling module xil_defaultlib.axis_add_sub(DATA_WIDTH=13)
Compiling module xil_defaultlib.LRF_default
Compiling module xil_defaultlib.tb_top
WARNING: [XSIM 43-3373] "/home/23EC01052/Desktop/my_branch/LRF/tests/top_video/tb_top_video.sv" Line 101. System function $value$plusargs is used as system task. This system function should have a LHS e.g. x=$value$plusargs().
WARNING: [XSIM 43-3373] "/home/23EC01052/Desktop/my_branch/LRF/tests/top_video/tb_top_video.sv" Line 102. System function $value$plusargs is used as system task. This system function should have a LHS e.g. x=$value$plusargs().
WARNING: [XSIM 43-3373] "/home/23EC01052/Desktop/my_branch/LRF/tests/top_video/tb_top_video.sv" Line 103. System function $value$plusargs is used as system task. This system function should have a LHS e.g. x=$value$plusargs().
WARNING: [XSIM 43-3373] "/home/23EC01052/Desktop/my_branch/LRF/tests/top_video/tb_top_video.sv" Line 104. System function $value$plusargs is used as system task. This system function should have a LHS e.g. x=$value$plusargs().
Compiling module xil_defaultlib.glbl
Built simulation snapshot tb_top_behav
