#-----------------------------------------------------------
# Vivado v2024.2 (64-bit)
# SW Build 5239630 on Fri Nov 08 22:34:34 MST 2024
# IP Build 5239520 on Sun Nov 10 16:12:51 MST 2024
# SharedData Build 5239561 on Fri Nov 08 14:39:27 MST 2024
# Start of session at: Wed Aug  5 19:05:16 2026
# Process ID         : 2592202
# Current directory  : /home/23EC01052/Desktop/my_branch/LRF/workspace
# Command line       : vivado -mode batch -source ../tests/conv_sobel_random/run_sim.tcl
# Log file           : /home/23EC01052/Desktop/my_branch/LRF/workspace/vivado.log
# Journal file       : /home/23EC01052/Desktop/my_branch/LRF/workspace/vivado.jou
# Running On         : vlsi-srv.iitbbs.ac.in
# Platform           : RedHatEnterprise
# Operating System   : Red Hat Enterprise Linux 9.6 (Plow)
# Processor Detail   : INTEL(R) XEON(R) GOLD 5520+
# CPU Frequency      : 2200.000 MHz
# CPU Physical cores : 56
# CPU Logical cores  : 112
# Host memory        : 403875 MB
# Swap memory        : 4294 MB
# Total Virtual      : 408170 MB
# Available Virtual  : 372302 MB
#-----------------------------------------------------------
source ../tests/conv_sobel_random/run_sim.tcl
source tb_top.tcl
